==================================================
          RAPORT STATYSTYCZNY MODELU CNN          
==================================================
Data utworzenia:       2026-06-08 20:11:56
Czas trwania treningu: 43.31 minut
Liczba epok:           10
Rozmiar paczki (batch):32
--------------------------------------------------
DANE METRYCZNE ZBIORU:
  - Zdjęcia treningowe: 13996
  - Zdjęcia walidacyjne:3498
  - Zdjęcia testowe:    5833
  - Liczba klas:         2
--------------------------------------------------
WYNIKI KLASYFIKACJI (DOKŁADNOŚĆ / ACCURACY):
  [Najlepsza] Dokładność treningowa:   81.34%
  [Najlepsza] Dokładność walidacyjna:  82.19%
  ==> OSTATECZNA DOKŁADNOŚĆ TESTOWA:   84.30%
--------------------------------------------------
ARCHITEKTURA EKSTRAKTORA:
Model: "sequential"
┏━━━━━━━━━━━━━━━━━━━━━━━━━━━━━━━━━━━━━━┳━━━━━━━━━━━━━━━━━━━━━━━━━━━━━┳━━━━━━━━━━━━━━━━━┓
┃ Layer (type)                         ┃ Output Shape                ┃         Param # ┃
┡━━━━━━━━━━━━━━━━━━━━━━━━━━━━━━━━━━━━━━╇━━━━━━━━━━━━━━━━━━━━━━━━━━━━━╇━━━━━━━━━━━━━━━━━┩
│ conv2d (Conv2D)                      │ (None, 128, 128, 32)        │             896 │
├──────────────────────────────────────┼─────────────────────────────┼─────────────────┤
│ max_pooling2d (MaxPooling2D)         │ (None, 64, 64, 32)          │               0 │
├──────────────────────────────────────┼─────────────────────────────┼─────────────────┤
│ conv2d_1 (Conv2D)                    │ (None, 64, 64, 64)          │          18,496 │
├──────────────────────────────────────┼─────────────────────────────┼─────────────────┤
│ max_pooling2d_1 (MaxPooling2D)       │ (None, 32, 32, 64)          │               0 │
├──────────────────────────────────────┼─────────────────────────────┼─────────────────┤
│ conv2d_2 (Conv2D)                    │ (None, 32, 32, 128)         │          73,856 │
├──────────────────────────────────────┼─────────────────────────────┼─────────────────┤
│ max_pooling2d_2 (MaxPooling2D)       │ (None, 16, 16, 128)         │               0 │
├──────────────────────────────────────┼─────────────────────────────┼─────────────────┤
│ conv2d_3 (Conv2D)                    │ (None, 16, 16, 256)         │         295,168 │
├──────────────────────────────────────┼─────────────────────────────┼─────────────────┤
│ max_pooling2d_3 (MaxPooling2D)       │ (None, 8, 8, 256)           │               0 │
├──────────────────────────────────────┼─────────────────────────────┼─────────────────┤
│ flatten (Flatten)                    │ (None, 16384)               │               0 │
├──────────────────────────────────────┼─────────────────────────────┼─────────────────┤
│ dense (Dense)                        │ (None, 512)                 │       8,389,120 │
├──────────────────────────────────────┼─────────────────────────────┼─────────────────┤
│ dropout (Dropout)                    │ (None, 512)                 │               0 │
├──────────────────────────────────────┼─────────────────────────────┼─────────────────┤
│ feature_vector (Dense)               │ (None, 256)                 │         131,328 │
└──────────────────────────────────────┴─────────────────────────────┴─────────────────┘
 Total params: 8,908,864 (33.98 MB)
 Trainable params: 8,908,864 (33.98 MB)
 Non-trainable params: 0 (0.00 B)


==================================================
