[18:27:53]  INFO      Log file: C:\Users\janja\source\repos\k-means-image-sort\logs\run_20260528_182753.log
[18:27:53]  INFO      ============================================================
[18:27:53]  INFO        IMAGE CLUSTERER  —  K-Means + MobileNetV2
[18:27:53]  INFO      ============================================================
[18:27:53]  INFO        Project root : C:\Users\janja\source\repos\k-means-image-sort
[18:27:53]  INFO        Images dir   : C:\Users\janja\source\repos\k-means-image-sort\dataset
[18:27:53]  INFO        Output dir   : C:\Users\janja\source\repos\k-means-image-sort\clustered
[18:27:53]  INFO        k (clusters) : 2
[18:27:53]  INFO        Batch size   : 32
[18:27:53]  INFO        PCA variance : 0.95
[18:27:53]  INFO        Move files   : False
[18:27:53]  INFO      ============================================================
[18:27:53]  INFO      ============================================================
[18:27:53]  INFO      STEP 1 — Scanning for images
[18:27:53]  INFO        Root directory : C:\Users\janja\source\repos\k-means-image-sort\dataset
[18:27:54]  INFO        Found 25000 image(s)
[18:27:54]  INFO      ============================================================
[18:27:54]  INFO      STEP 2 — Building feature extractor (MobileNetV2)
[18:27:59]  INFO        Model loaded  : MobileNetV2 (ImageNet weights)
[18:27:59]  INFO        Feature dim   : 1280
[18:27:59]  INFO      ============================================================
[18:27:59]  INFO      STEP 2 — Extracting features from images
[18:27:59]  INFO        Batch size  : 32
[18:27:59]  INFO        Total images: 25000
[18:28:00]  WARNING   TensorFlow GPU support is not available on native Windows for TensorFlow >= 2.11. Even if CUDA/cuDNN are installed, GPU will not be used. Please use WSL2 or the TensorFlow-DirectML plugin.
[18:28:03]  INFO        Progress:    32/25000  (  0.1%)  elapsed 3.7s
[18:28:04]  INFO        Progress:    64/25000  (  0.3%)  elapsed 5.1s
[18:28:08]  INFO        Progress:    96/25000  (  0.4%)  elapsed 9.0s
[18:28:10]  INFO        Progress:   128/25000  (  0.5%)  elapsed 10.6s
[18:28:11]  INFO        Progress:   160/25000  (  0.6%)  elapsed 11.9s
[18:28:12]  INFO        Progress:   192/25000  (  0.8%)  elapsed 13.2s
[18:28:14]  INFO        Progress:   224/25000  (  0.9%)  elapsed 14.6s
[18:28:15]  INFO        Progress:   256/25000  (  1.0%)  elapsed 15.9s
[18:28:16]  INFO        Progress:   288/25000  (  1.2%)  elapsed 17.2s
[18:28:18]  INFO        Progress:   320/25000  (  1.3%)  elapsed 18.6s
[18:28:19]  INFO        Progress:   352/25000  (  1.4%)  elapsed 19.9s
[18:28:20]  INFO        Progress:   384/25000  (  1.5%)  elapsed 21.2s
[18:28:22]  INFO        Progress:   416/25000  (  1.7%)  elapsed 22.5s
[18:28:23]  INFO        Progress:   448/25000  (  1.8%)  elapsed 23.8s
[18:28:24]  INFO        Progress:   480/25000  (  1.9%)  elapsed 25.4s
[18:28:26]  INFO        Progress:   512/25000  (  2.0%)  elapsed 26.7s
[18:28:27]  INFO        Progress:   544/25000  (  2.2%)  elapsed 28.0s
[18:28:28]  INFO        Progress:   576/25000  (  2.3%)  elapsed 29.4s
[18:28:30]  INFO        Progress:   608/25000  (  2.4%)  elapsed 30.7s
[18:28:31]  INFO        Progress:   640/25000  (  2.6%)  elapsed 32.1s
[18:28:32]  INFO        Progress:   672/25000  (  2.7%)  elapsed 33.4s
[18:28:34]  INFO        Progress:   704/25000  (  2.8%)  elapsed 34.8s
[18:28:35]  INFO        Progress:   736/25000  (  2.9%)  elapsed 36.2s
[18:28:37]  INFO        Progress:   768/25000  (  3.1%)  elapsed 37.6s
[18:28:38]  INFO        Progress:   800/25000  (  3.2%)  elapsed 39.0s
[18:28:40]  INFO        Progress:   832/25000  (  3.3%)  elapsed 40.5s
[18:28:41]  INFO        Progress:   864/25000  (  3.5%)  elapsed 41.8s
[18:28:42]  INFO        Progress:   896/25000  (  3.6%)  elapsed 43.2s
[18:28:44]  INFO        Progress:   928/25000  (  3.7%)  elapsed 44.5s
[18:28:45]  INFO        Progress:   960/25000  (  3.8%)  elapsed 45.9s
[18:28:47]  INFO        Progress:   992/25000  (  4.0%)  elapsed 47.5s
[18:28:48]  INFO        Progress:  1024/25000  (  4.1%)  elapsed 48.8s
[18:28:49]  INFO        Progress:  1056/25000  (  4.2%)  elapsed 50.2s
[18:28:51]  INFO        Progress:  1088/25000  (  4.4%)  elapsed 51.5s
[18:28:52]  INFO        Progress:  1120/25000  (  4.5%)  elapsed 52.9s
[18:28:53]  INFO        Progress:  1152/25000  (  4.6%)  elapsed 54.2s
[18:28:55]  INFO        Progress:  1184/25000  (  4.7%)  elapsed 55.6s
[18:28:56]  INFO        Progress:  1216/25000  (  4.9%)  elapsed 57.1s
[18:28:58]  INFO        Progress:  1248/25000  (  5.0%)  elapsed 58.4s
[18:28:59]  INFO        Progress:  1280/25000  (  5.1%)  elapsed 59.8s
[18:29:00]  INFO        Progress:  1312/25000  (  5.2%)  elapsed 61.2s
[18:29:02]  INFO        Progress:  1344/25000  (  5.4%)  elapsed 62.5s
[18:29:03]  INFO        Progress:  1376/25000  (  5.5%)  elapsed 63.8s
[18:29:04]  INFO        Progress:  1408/25000  (  5.6%)  elapsed 65.1s
[18:29:06]  INFO        Progress:  1440/25000  (  5.8%)  elapsed 66.4s
[18:29:07]  INFO        Progress:  1472/25000  (  5.9%)  elapsed 67.8s
[18:29:08]  INFO        Progress:  1504/25000  (  6.0%)  elapsed 69.1s
[18:29:10]  INFO        Progress:  1536/25000  (  6.1%)  elapsed 70.5s
[18:29:11]  INFO        Progress:  1568/25000  (  6.3%)  elapsed 71.8s
[18:29:12]  INFO        Progress:  1600/25000  (  6.4%)  elapsed 73.2s
[18:29:14]  INFO        Progress:  1632/25000  (  6.5%)  elapsed 74.5s
[18:29:15]  INFO        Progress:  1664/25000  (  6.7%)  elapsed 75.8s
[18:29:16]  INFO        Progress:  1696/25000  (  6.8%)  elapsed 77.1s
[18:29:18]  INFO        Progress:  1728/25000  (  6.9%)  elapsed 78.4s
[18:29:19]  INFO        Progress:  1760/25000  (  7.0%)  elapsed 79.8s
[18:29:20]  INFO        Progress:  1792/25000  (  7.2%)  elapsed 81.2s
[18:29:22]  INFO        Progress:  1824/25000  (  7.3%)  elapsed 82.5s
[18:29:25]  INFO        Progress:  1856/25000  (  7.4%)  elapsed 85.6s
[18:29:26]  INFO        Progress:  1888/25000  (  7.6%)  elapsed 87.0s
[18:29:27]  INFO        Progress:  1920/25000  (  7.7%)  elapsed 88.3s
[18:29:29]  INFO        Progress:  1952/25000  (  7.8%)  elapsed 89.5s
[18:29:30]  INFO        Progress:  1984/25000  (  7.9%)  elapsed 90.9s
[18:29:31]  INFO        Progress:  2016/25000  (  8.1%)  elapsed 92.2s
[18:29:33]  INFO        Progress:  2048/25000  (  8.2%)  elapsed 93.5s
[18:29:36]  INFO        Progress:  2080/25000  (  8.3%)  elapsed 96.8s
[18:29:37]  INFO        Progress:  2112/25000  (  8.4%)  elapsed 98.2s
[18:29:39]  INFO        Progress:  2144/25000  (  8.6%)  elapsed 99.5s
[18:29:40]  INFO        Progress:  2176/25000  (  8.7%)  elapsed 100.8s
[18:29:41]  INFO        Progress:  2208/25000  (  8.8%)  elapsed 102.3s
[18:29:43]  INFO        Progress:  2240/25000  (  9.0%)  elapsed 103.6s
[18:29:44]  INFO        Progress:  2272/25000  (  9.1%)  elapsed 104.9s
[18:29:45]  INFO        Progress:  2304/25000  (  9.2%)  elapsed 106.2s
[18:29:47]  INFO        Progress:  2336/25000  (  9.3%)  elapsed 107.5s
[18:29:48]  INFO        Progress:  2368/25000  (  9.5%)  elapsed 108.8s
[18:29:49]  INFO        Progress:  2400/25000  (  9.6%)  elapsed 110.2s
[18:29:51]  INFO        Progress:  2432/25000  (  9.7%)  elapsed 111.6s
[18:29:52]  INFO        Progress:  2464/25000  (  9.9%)  elapsed 112.9s
[18:29:53]  INFO        Progress:  2496/25000  ( 10.0%)  elapsed 114.2s
[18:29:55]  INFO        Progress:  2528/25000  ( 10.1%)  elapsed 115.5s
[18:29:56]  INFO        Progress:  2560/25000  ( 10.2%)  elapsed 116.8s
[18:29:57]  INFO        Progress:  2592/25000  ( 10.4%)  elapsed 118.1s
[18:29:58]  INFO        Progress:  2624/25000  ( 10.5%)  elapsed 119.4s
[18:30:00]  INFO        Progress:  2656/25000  ( 10.6%)  elapsed 120.7s
[18:30:01]  INFO        Progress:  2688/25000  ( 10.8%)  elapsed 122.0s
[18:30:02]  INFO        Progress:  2720/25000  ( 10.9%)  elapsed 123.3s
[18:30:04]  INFO        Progress:  2752/25000  ( 11.0%)  elapsed 124.7s
[18:30:05]  INFO        Progress:  2784/25000  ( 11.1%)  elapsed 126.0s
[18:30:06]  INFO        Progress:  2816/25000  ( 11.3%)  elapsed 127.3s
[18:30:08]  INFO        Progress:  2848/25000  ( 11.4%)  elapsed 128.6s
[18:30:09]  INFO        Progress:  2880/25000  ( 11.5%)  elapsed 129.9s
[18:30:10]  INFO        Progress:  2912/25000  ( 11.6%)  elapsed 131.2s
[18:30:12]  INFO        Progress:  2944/25000  ( 11.8%)  elapsed 132.5s
[18:30:13]  INFO        Progress:  2976/25000  ( 11.9%)  elapsed 133.8s
[18:30:14]  INFO        Progress:  3008/25000  ( 12.0%)  elapsed 135.1s
[18:30:16]  INFO        Progress:  3040/25000  ( 12.2%)  elapsed 136.6s
[18:30:17]  INFO        Progress:  3072/25000  ( 12.3%)  elapsed 138.2s
[18:30:19]  INFO        Progress:  3104/25000  ( 12.4%)  elapsed 140.0s
[18:30:21]  INFO        Progress:  3136/25000  ( 12.5%)  elapsed 141.7s
[18:30:23]  INFO        Progress:  3168/25000  ( 12.7%)  elapsed 143.8s
[18:30:25]  INFO        Progress:  3200/25000  ( 12.8%)  elapsed 146.1s
[18:30:27]  INFO        Progress:  3232/25000  ( 12.9%)  elapsed 148.4s
[18:30:29]  INFO        Progress:  3264/25000  ( 13.1%)  elapsed 150.4s
[18:30:31]  INFO        Progress:  3296/25000  ( 13.2%)  elapsed 152.4s
[18:30:33]  INFO        Progress:  3328/25000  ( 13.3%)  elapsed 154.0s
[18:30:34]  INFO        Progress:  3360/25000  ( 13.4%)  elapsed 155.3s
[18:30:36]  INFO        Progress:  3392/25000  ( 13.6%)  elapsed 156.7s
[18:30:37]  INFO        Progress:  3424/25000  ( 13.7%)  elapsed 158.0s
[18:30:38]  INFO        Progress:  3456/25000  ( 13.8%)  elapsed 159.3s
[18:30:40]  INFO        Progress:  3488/25000  ( 14.0%)  elapsed 160.7s
[18:30:41]  INFO        Progress:  3520/25000  ( 14.1%)  elapsed 162.0s
[18:30:43]  INFO        Progress:  3552/25000  ( 14.2%)  elapsed 163.4s
[18:30:44]  INFO        Progress:  3584/25000  ( 14.3%)  elapsed 164.8s
[18:30:45]  INFO        Progress:  3616/25000  ( 14.5%)  elapsed 166.2s
[18:30:47]  INFO        Progress:  3648/25000  ( 14.6%)  elapsed 167.5s
[18:30:49]  INFO        Progress:  3680/25000  ( 14.7%)  elapsed 169.6s
[18:30:51]  INFO        Progress:  3712/25000  ( 14.8%)  elapsed 171.6s
[18:30:53]  INFO        Progress:  3744/25000  ( 15.0%)  elapsed 173.6s
[18:30:55]  INFO        Progress:  3776/25000  ( 15.1%)  elapsed 175.7s
